
===== 2026-09-16T02:28:22+08:00 /root/autodl-tmp/conda/envs/vattack/bin/python -u /root/autodl-tmp/multimodal_attack_project/V-CachePoll/scripts/run_llava.py --limit 8 =====
Some kwargs in processor config are unused and will not have any effect: num_additional_image_tokens. 
Loading checkpoint shards:   0%|          | 0/3 [00:00<?, ?it/s]Loading checkpoint shards:  33%|███▎      | 1/3 [00:01<00:03,  1.69s/it]Loading checkpoint shards:  67%|██████▋   | 2/3 [00:03<00:01,  1.55s/it]Loading checkpoint shards: 100%|██████████| 3/3 [00:04<00:00,  1.45s/it]Loading checkpoint shards: 100%|██████████| 3/3 [00:04<00:00,  1.49s/it]
== llava c000 (1/8) ==
Expanding inputs for image tokens in LLaVa should be done in processing. Please add `patch_size` and `vision_feature_select_strategy` to the model's processing config or set directly with `processor.patch_size = {{patch_size}}` and processor.vision_feature_select_strategy = {{vision_feature_select_strategy}}`. Using processors without these attributes in the config is deprecated and will throw an error in v4.47.
llava c000 rA=0.169->0.168 a_out=0 full=True avtp=False
== llava c003 (2/8) ==
llava c003 rA=0.182->0.180 a_out=1 full=True avtp=False
== llava c004 (3/8) ==
llava c004 rA=0.171->0.173 a_out=0 full=False avtp=False
== llava c005 (4/8) ==
llava c005 rA=0.179->0.173 a_out=3 full=True avtp=False
== llava c006 (5/8) ==
llava c006 rA=0.198->0.196 a_out=1 full=True avtp=False
== llava c007 (6/8) ==
llava c007 rA=0.159->0.158 a_out=1 full=True avtp=False
== llava c008 (7/8) ==
llava c008 rA=0.247->0.248 a_out=0 full=True avtp=False
== llava c009 (8/8) ==
llava c009 rA=0.164->0.162 a_out=0 full=True avtp=False
{'n': 8, 'n_ok': 8, 'frac_full_ok': 0.875, 'frac_avtp_ok': 0.0, 'mean_abs_delta_rA': 0.0020212847739458084, 'frac_a_out': 0.5, 'mean_a_out': 0.75, 'elapsed_s': 42.50749063491821, 'path': '/root/autodl-tmp/multimodal_attack_project/V-CachePoll/out/llava_probe.json'}
Some kwargs in processor config are unused and will not have any effect: num_additional_image_tokens. 
Loading checkpoint shards:   0%|          | 0/3 [00:00<?, ?it/s]Loading checkpoint shards:  33%|███▎      | 1/3 [00:01<00:03,  1.65s/it]Loading checkpoint shards:  67%|██████▋   | 2/3 [00:03<00:01,  1.50s/it]Loading checkpoint shards: 100%|██████████| 3/3 [00:04<00:00,  1.38s/it]Loading checkpoint shards: 100%|██████████| 3/3 [00:04<00:00,  1.43s/it]
== llava c000 (1/8) ==
Expanding inputs for image tokens in LLaVa should be done in processing. Please add `patch_size` and `vision_feature_select_strategy` to the model's processing config or set directly with `processor.patch_size = {{patch_size}}` and processor.vision_feature_select_strategy = {{vision_feature_select_strategy}}`. Using processors without these attributes in the config is deprecated and will throw an error in v4.47.
llava c000 rA=0.169->0.168 a_out=0 full=True avtp=True
== llava c003 (2/8) ==
llava c003 rA=0.182->0.180 a_out=1 full=True avtp=True
== llava c004 (3/8) ==
llava c004 rA=0.171->0.173 a_out=0 full=False avtp=False
== llava c005 (4/8) ==
llava c005 rA=0.179->0.173 a_out=3 full=True avtp=False
== llava c006 (5/8) ==
llava c006 rA=0.198->0.196 a_out=1 full=True avtp=True
== llava c007 (6/8) ==
llava c007 rA=0.159->0.158 a_out=1 full=True avtp=True
== llava c008 (7/8) ==
llava c008 rA=0.247->0.248 a_out=0 full=True avtp=True
== llava c009 (8/8) ==
llava c009 rA=0.164->0.162 a_out=0 full=True avtp=True
{'n': 8, 'n_ok': 8, 'frac_full_ok': 0.875, 'frac_avtp_ok': 0.75, 'mean_abs_delta_rA': 0.0020212847739458084, 'frac_a_out': 0.5, 'mean_a_out': 0.75, 'elapsed_s': 42.83320116996765, 'path': '/root/autodl-tmp/multimodal_attack_project/V-CachePoll/out/llava_probe.json'}
