The argument `trust_remote_code` is to be used with Auto classes. It has no effect here and is ignored.
`Qwen2VLRotaryEmbedding` can now be fully parameterized by passing the model config through the `config` argument. All other arguments will be removed in v4.46
Loading checkpoint shards:   0%|          | 0/5 [00:00<?, ?it/s]Loading checkpoint shards:  20%|██        | 1/5 [00:01<00:04,  1.21s/it]Loading checkpoint shards:  40%|████      | 2/5 [00:02<00:03,  1.14s/it]Loading checkpoint shards:  60%|██████    | 3/5 [00:03<00:02,  1.13s/it]Loading checkpoint shards:  80%|████████  | 4/5 [00:04<00:01,  1.14s/it]Loading checkpoint shards: 100%|██████████| 5/5 [00:04<00:00,  1.15it/s]Loading checkpoint shards: 100%|██████████| 5/5 [00:04<00:00,  1.01it/s]
p2 reassign c000 u_src=bot_frac n_u=6 localized=False
p2 reassign c003 u_src=bot_frac n_u=7 localized=False
p2 reassign c004 u_src=bot_frac n_u=6 localized=False
p2 reassign c005 u_src=drop_bot n_u=10 localized=True
p2 reassign c006 u_src=bot_frac n_u=6 localized=False
p2 reassign c007 u_src=bot_frac n_u=6 localized=False
p2 reassign c008 u_src=bot_frac n_u=5 localized=False
p2 reassign c009 u_src=drop_bot n_u=10 localized=True
p2 reassign c011 u_src=bot_frac n_u=7 localized=False
p2 reassign c012 u_src=bot_frac n_u=7 localized=False
p2 reassign c013 u_src=bot_frac n_u=6 localized=False
p2 reassign c015 u_src=bot_frac n_u=6 localized=False
p2 reassign c016 u_src=bot_frac n_u=6 localized=False
p2 reassign c018 u_src=bot_frac n_u=6 localized=False
p2 reassign c020 u_src=loo n_u=2 localized=True
p2 reassign c021 u_src=bot_frac n_u=5 localized=False
p2 reassign c022 u_src=drop_bot n_u=10 localized=True
p2 reassign c023 u_src=bot_frac n_u=6 localized=False
p2 reassign c025 u_src=bot_frac n_u=7 localized=False
p2 reassign c026 u_src=bot_frac n_u=6 localized=False
p2 reassign c028 u_src=bot_frac n_u=7 localized=False
p2 reassign c029 u_src=bot_frac n_u=6 localized=False
p2 reassign c030 u_src=drop_bot n_u=10 localized=True
p2 reassign c031 u_src=drop_top n_u=10 localized=True
p2 reassign c032 u_src=drop_bot n_u=10 localized=True
p2 reassign c033 u_src=bot_frac n_u=6 localized=False
p2 reassign c034 u_src=bot_frac n_u=6 localized=False
p2 reassign c035 u_src=bot_frac n_u=6 localized=False
p2 reassign c036 u_src=bot_frac n_u=6 localized=False
p2 reassign c037 u_src=bot_frac n_u=6 localized=False
p2 reassign c038 u_src=bot_frac n_u=6 localized=False
p2 reassign c039 u_src=bot_frac n_u=6 localized=False
{'n': 32, 'n_localized': 7}
