The argument `trust_remote_code` is to be used with Auto classes. It has no effect here and is ignored.
`Qwen2VLRotaryEmbedding` can now be fully parameterized by passing the model config through the `config` argument. All other arguments will be removed in v4.46
Loading checkpoint shards:   0%|          | 0/5 [00:00<?, ?it/s]Loading checkpoint shards:  20%|██        | 1/5 [00:01<00:04,  1.22s/it]Loading checkpoint shards:  40%|████      | 2/5 [00:02<00:03,  1.14s/it]Loading checkpoint shards:  60%|██████    | 3/5 [00:03<00:02,  1.15s/it]Loading checkpoint shards:  80%|████████  | 4/5 [00:04<00:01,  1.16s/it]Loading checkpoint shards: 100%|██████████| 5/5 [00:05<00:00,  1.13it/s]Loading checkpoint shards: 100%|██████████| 5/5 [00:05<00:00,  1.01s/it]
p2 screen c000 ok=True k=[23, 29] r=[0.174, 0.226]
p2 screen c002 ok=False k=[22, 32] r=[0.173, 0.227]
p2 screen c003 ok=True k=[27, 27] r=[0.188, 0.212]
p2 screen c004 ok=True k=[26, 26] r=[0.201, 0.199]
p2 screen c005 ok=True k=[23, 28] r=[0.181, 0.219]
p2 screen c006 ok=True k=[25, 26] r=[0.192, 0.208]
p2 screen c007 ok=True k=[24, 28] r=[0.194, 0.206]
p2 screen c008 ok=True k=[19, 34] r=[0.149, 0.251]
p2 screen c009 ok=True k=[25, 27] r=[0.193, 0.207]
p2 screen c010 ok=False k=[23, 30] r=[0.171, 0.229]
p2 screen c011 ok=True k=[27, 29] r=[0.185, 0.215]
p2 screen c012 ok=True k=[27, 26] r=[0.198, 0.202]
p2 screen c013 ok=True k=[23, 28] r=[0.18, 0.22]
p2 screen c015 ok=True k=[22, 29] r=[0.173, 0.227]
p2 screen c016 ok=True k=[24, 31] r=[0.184, 0.216]
p2 screen c018 ok=True k=[22, 29] r=[0.175, 0.225]
p2 screen c020 ok=True k=[24, 27] r=[0.189, 0.211]
p2 screen c021 ok=True k=[21, 30] r=[0.17, 0.23]
p2 screen c022 ok=True k=[20, 31] r=[0.162, 0.238]
p2 screen c023 ok=True k=[24, 28] r=[0.187, 0.213]
p2 screen c025 ok=True k=[28, 26] r=[0.191, 0.209]
p2 screen c026 ok=True k=[23, 28] r=[0.177, 0.223]
p2 screen c027 ok=False k=[26, 26] r=[0.197, 0.203]
p2 screen c028 ok=True k=[28, 25] r=[0.205, 0.195]
p2 screen c029 ok=True k=[24, 30] r=[0.165, 0.235]
p2 screen c030 ok=True k=[25, 26] r=[0.194, 0.206]
p2 screen c031 ok=True k=[22, 28] r=[0.176, 0.224]
p2 screen c032 ok=True k=[23, 31] r=[0.18, 0.22]
p2 screen c033 ok=True k=[25, 26] r=[0.192, 0.208]
p2 screen c034 ok=True k=[24, 28] r=[0.187, 0.213]
p2 screen c035 ok=True k=[22, 28] r=[0.177, 0.223]
p2 screen c036 ok=True k=[24, 28] r=[0.176, 0.224]
p2 screen c037 ok=True k=[24, 28] r=[0.187, 0.213]
p2 screen c038 ok=True k=[23, 29] r=[0.181, 0.219]
p2 screen c039 ok=True k=[23, 29] r=[0.174, 0.226]
{'n_kept': 32, 'n_rejected': 3, 'path': '/root/autodl-tmp/multimodal_attack_project/V-CachePoll/out/p2_screen.json', 'elapsed_s': 29.109206914901733}
